  main.cpp
C:\Users\warp\source\repos\RayPongClean\RayPongClean\Headers\raygui.h(4624,21): error C4996: 'fopen': This function or variable may be unsafe. Consider using fopen_s instead. To disable deprecation, use _CRT_SECURE_NO_WARNINGS. See online help for details.
  (compiling source file 'main.cpp')
  
C:\Users\warp\source\repos\RayPongClean\RayPongClean\Headers\raygui.h(4644,25): error C4996: 'sscanf': This function or variable may be unsafe. Consider using sscanf_s instead. To disable deprecation, use _CRT_SECURE_NO_WARNINGS. See online help for details.
  (compiling source file 'main.cpp')
  
C:\Users\warp\source\repos\RayPongClean\RayPongClean\Headers\raygui.h(4650,25): error C4996: 'sscanf': This function or variable may be unsafe. Consider using sscanf_s instead. To disable deprecation, use _CRT_SECURE_NO_WARNINGS. See online help for details.
  (compiling source file 'main.cpp')
  
C:\Users\warp\source\repos\RayPongClean\RayPongClean\Headers\raygui.h(4662,45): error C4996: 'sscanf': This function or variable may be unsafe. Consider using sscanf_s instead. To disable deprecation, use _CRT_SECURE_NO_WARNINGS. See online help for details.
  (compiling source file 'main.cpp')
  
C:\Users\warp\source\repos\RayPongClean\RayPongClean\Headers\raygui.h(4663,30): error C4996: 'sscanf': This function or variable may be unsafe. Consider using sscanf_s instead. To disable deprecation, use _CRT_SECURE_NO_WARNINGS. See online help for details.
  (compiling source file 'main.cpp')
  
C:\Users\warp\source\repos\RayPongClean\RayPongClean\Headers\raygui.h(4716,19): error C4996: 'fopen': This function or variable may be unsafe. Consider using fopen_s instead. To disable deprecation, use _CRT_SECURE_NO_WARNINGS. See online help for details.
  (compiling source file 'main.cpp')
  
C:\Users\warp\source\repos\RayPongClean\RayPongClean\Headers\raygui.h(5202,21): error C4996: 'fopen': This function or variable may be unsafe. Consider using fopen_s instead. To disable deprecation, use _CRT_SECURE_NO_WARNINGS. See online help for details.
  (compiling source file 'main.cpp')
  
C:\Users\warp\source\repos\RayPongClean\RayPongClean\main.cpp(29,30): warning C4244: '=': conversion from 'int' to 'float', possible loss of data
C:\Users\warp\source\repos\RayPongClean\RayPongClean\main.cpp(30,31): warning C4244: '=': conversion from 'int' to 'float', possible loss of data
C:\Users\warp\source\repos\RayPongClean\RayPongClean\main.cpp(48,67): warning C4244: '=': conversion from 'int' to 'float', possible loss of data
C:\Users\warp\source\repos\RayPongClean\RayPongClean\main.cpp(63,67): warning C4244: '=': conversion from 'int' to 'float', possible loss of data
C:\Users\warp\source\repos\RayPongClean\RayPongClean\main.cpp(129,35): warning C4244: '=': conversion from 'int' to 'float', possible loss of data
C:\Users\warp\source\repos\RayPongClean\RayPongClean\main.cpp(205,75): warning C4244: 'argument': conversion from 'float' to 'int', possible loss of data
C:\Users\warp\source\repos\RayPongClean\RayPongClean\main.cpp(205,62): warning C4244: 'argument': conversion from 'float' to 'int', possible loss of data
C:\Users\warp\source\repos\RayPongClean\RayPongClean\main.cpp(205,45): warning C4244: 'argument': conversion from 'float' to 'int', possible loss of data
C:\Users\warp\source\repos\RayPongClean\RayPongClean\main.cpp(205,39): warning C4244: 'argument': conversion from 'float' to 'int', possible loss of data
C:\Users\warp\source\repos\RayPongClean\RayPongClean\main.cpp(207,58): warning C4244: 'argument': conversion from 'int' to 'float', possible loss of data
